// Jest Snapshot v1, https://goo.gl/fbAQLP

exports[`restyman getPath generates correct path for collection 1`] = `"companies"`;

exports[`restyman getPath generates correct path for member 1`] = `"companies/1"`;

exports[`restyman getPath generates correct path for subresource collection 1`] = `"companies/1/users"`;

exports[`restyman getPath generates correct path for subresource member 1`] = `"companies/1/users/1"`;

exports[`restyman getPath keeps correct path for initial resource 1`] = `"companies/1/users"`;
